\BOOKMARK [0][-]{chapter*.1}{\376\377\006\105\006\104\006\056\006\065\000\040\006\047\006\104\006\050\006\055\006\053}{}% \pLRE {١}
\BOOKMARK [0][-]{chapter*.2}{\376\377\000A\000b\000s\000t\000r\000a\000c\000t}{}% \pLRE {٢}
\BOOKMARK [0][-]{chapter*.2}{\376\377\006\057\006\104\006\112\006\104\000\040\006\047\006\104\006\043\006\064\006\103\006\047\006\104}{}% \pLRE {٣}
\BOOKMARK [0][-]{chapter*.2}{\376\377\006\057\006\104\006\112\006\104\000\040\006\047\006\104\006\054\006\057\006\047\006\110\006\104}{}% \pLRE {٤}
\BOOKMARK [0][-]{chapter*.3}{\376\377\006\045\006\107\006\057\006\047\006\041}{}% \pLRE {٥}
\BOOKMARK [0][-]{chapter*.4}{\376\377\006\064\006\103\006\061\000\040\006\110\006\052\006\102\006\057\006\112\006\061}{}% \pLRE {٦}
\BOOKMARK [0][-]{chapter.1}{\376\377\006\047\006\104\006\105\006\102\006\057\006\105\006\051\000\040\006\047\006\104\006\071\006\047\006\105\006\051}{}% \pLRE {٧}
\BOOKMARK [1][-]{section.1.1}{\376\377\006\105\006\102\006\057\006\105\006\051\000\040\006\071\006\047\006\105\006\051}{chapter.1}% \pLRE {٨}
\BOOKMARK [1][-]{section.1.2}{\376\377\006\045\006\064\006\103\006\047\006\104\006\112\006\051\000\040\006\047\006\104\006\050\006\055\006\053}{chapter.1}% \pLRE {٩}
\BOOKMARK [1][-]{section.1.3}{\376\377\006\043\006\107\006\057\006\047\006\101\000\040\006\047\006\104\006\050\006\055\006\053}{chapter.1}% \pLRE {١٠}
\BOOKMARK [1][-]{section.1.4}{\376\377\006\105\006\106\006\107\006\054\006\112\006\051\000\040\006\047\006\104\006\050\006\055\006\053}{chapter.1}% \pLRE {١١}
\BOOKMARK [1][-]{section.1.5}{\376\377\006\107\006\112\006\103\006\104\000\040\006\047\006\104\006\050\006\055\006\053}{chapter.1}% \pLRE {١٢}
\BOOKMARK [0][-]{chapter.2}{\376\377\006\047\006\104\006\045\006\067\006\047\006\061\000\040\006\047\006\104\006\105\006\101\006\047\006\107\006\112\006\105\006\112\000\040\006\110\006\047\006\104\006\106\006\070\006\061\006\112}{}% \pLRE {١٣}
\BOOKMARK [1][-]{section.2.1}{\376\377\006\105\006\102\006\057\006\105\006\051\000\040\006\047\006\104\006\105\006\055\006\110\006\061\000\040\006\047\006\104\006\053\006\047\006\106\006\112}{chapter.2}% \pLRE {١٤}
\BOOKMARK [1][-]{section.2.2}{\376\377\006\047\006\104\006\052\006\055\006\110\006\104\000\040\006\047\006\104\006\061\006\102\006\105\006\112\000\040\006\101\006\112\000\040\006\047\006\104\006\045\006\057\006\047\006\061\006\051\000\040\006\047\006\104\006\054\006\050\006\047\006\046\006\112\006\051}{chapter.2}% \pLRE {١٥}
\BOOKMARK [1][-]{section.2.3}{\376\377\006\106\006\070\006\061\006\112\006\047\006\052\000\040\006\047\006\104\006\052\006\055\006\110\006\104\000\040\006\047\006\104\006\061\006\102\006\105\006\112}{chapter.2}% \pLRE {١٦}
\BOOKMARK [1][-]{section.2.4}{\376\377\006\047\006\104\006\052\006\054\006\061\006\050\006\051\000\040\006\047\006\104\006\057\006\110\006\104\006\112\006\051\000\040\006\101\006\112\000\040\006\047\006\104\006\061\006\102\006\105\006\106\006\051\000\040\006\047\006\104\006\054\006\050\006\047\006\046\006\112\006\051}{chapter.2}% \pLRE {١٧}
\BOOKMARK [1][-]{section.2.5}{\376\377\006\056\006\104\006\047\006\065\006\051\000\040\006\047\006\104\006\105\006\055\006\110\006\061\000\040\006\047\006\104\006\053\006\047\006\106\006\112}{chapter.2}% \pLRE {١٨}
\BOOKMARK [0][-]{chapter.3}{\376\377\006\047\006\104\006\045\006\067\006\047\006\061\000\040\006\047\006\104\006\102\006\047\006\106\006\110\006\106\006\112\000\040\006\110\006\047\006\104\006\052\006\106\006\070\006\112\006\105\006\112\000\040\006\104\006\104\006\054\006\050\006\047\006\112\006\051\000\040\006\101\006\112\000\040\006\047\006\104\006\054\006\062\006\047\006\046\006\061}{}% \pLRE {١٩}
\BOOKMARK [1][-]{section.3.1}{\376\377\006\105\006\102\006\057\006\105\006\051\000\040\006\047\006\104\006\105\006\055\006\110\006\061\000\040\006\047\006\104\006\053\006\047\006\104\006\053}{chapter.3}% \pLRE {٢٠}
\BOOKMARK [1][-]{section.3.2}{\376\377\006\047\006\104\006\106\006\070\006\047\006\105\000\040\006\047\006\104\006\054\006\050\006\047\006\046\006\112\000\040\006\047\006\104\006\054\006\062\006\047\006\046\006\061\006\112}{chapter.3}% \pLRE {٢١}
\BOOKMARK [1][-]{section.3.3}{\376\377\006\047\006\104\006\102\006\047\006\106\006\110\006\106\000\040\006\047\006\104\006\105\006\047\006\104\006\112\000\040\0002\0000\0002\0006}{chapter.3}% \pLRE {٢٢}
\BOOKMARK [1][-]{section.3.4}{\376\377\006\047\006\104\006\052\006\055\006\057\006\112\006\047\006\052\000\040\006\047\006\104\006\102\006\047\006\106\006\110\006\106\006\112\006\051}{chapter.3}% \pLRE {٢٣}
\BOOKMARK [1][-]{section.3.5}{\376\377\006\056\006\104\006\047\006\065\006\051\000\040\006\047\006\104\006\105\006\055\006\110\006\061\000\040\006\047\006\104\006\053\006\047\006\104\006\053}{chapter.3}% \pLRE {٢٤}
\BOOKMARK [0][-]{chapter.4}{\376\377\006\105\006\106\006\107\006\054\006\112\006\051\000\040\006\052\006\065\006\105\006\112\006\105\000\040\006\047\006\104\006\105\006\106\006\065\006\051\000\040\006\110\006\047\006\104\006\052\006\055\006\104\006\112\006\104\000\040\006\047\006\104\006\052\006\102\006\106\006\112}{}% \pLRE {٢٥}
\BOOKMARK [1][-]{section.4.1}{\376\377\006\105\006\102\006\057\006\105\006\051\000\040\006\047\006\104\006\105\006\055\006\110\006\061\000\040\006\047\006\104\006\061\006\047\006\050\006\071}{chapter.4}% \pLRE {٢٦}
\BOOKMARK [1][-]{section.4.2}{\376\377\006\105\006\106\006\107\006\054\006\112\006\051\000\040\006\047\006\104\006\052\006\065\006\105\006\112\006\105}{chapter.4}% \pLRE {٢٧}
\BOOKMARK [1][-]{section.4.3}{\376\377\006\047\006\104\006\050\006\106\006\112\006\051\000\040\006\047\006\104\006\052\006\055\006\052\006\112\006\051\000\040\006\047\006\104\006\052\006\102\006\106\006\112\006\051}{chapter.4}% \pLRE {٢٨}
\BOOKMARK [1][-]{section.4.4}{\376\377\006\043\006\105\006\047\006\106\000\040\006\047\006\104\006\050\006\112\006\047\006\106\006\047\006\052}{chapter.4}% \pLRE {٢٩}
\BOOKMARK [1][-]{section.4.5}{\376\377\006\056\006\110\006\047\006\061\006\062\006\105\006\112\006\047\006\052\000\040\006\047\006\104\006\060\006\103\006\047\006\041\000\040\006\047\006\104\006\047\006\065\006\067\006\106\006\047\006\071\006\112}{chapter.4}% \pLRE {٣٠}
\BOOKMARK [1][-]{section.4.6}{\376\377\006\056\006\104\006\047\006\065\006\051\000\040\006\047\006\104\006\105\006\055\006\110\006\061\000\040\006\047\006\104\006\061\006\047\006\050\006\071}{chapter.4}% \pLRE {٣١}
\BOOKMARK [0][-]{chapter.5}{\376\377\006\047\006\104\006\071\006\061\006\066\000\040\006\110\006\047\006\104\006\052\006\055\006\104\006\112\006\104\000\040\006\047\006\104\006\047\006\063\006\052\006\061\006\047\006\052\006\112\006\054\006\112}{}% \pLRE {٣٢}
\BOOKMARK [1][-]{section.5.1}{\376\377\006\105\006\102\006\057\006\105\006\051\000\040\006\047\006\104\006\105\006\055\006\110\006\061\000\040\006\047\006\104\006\056\006\047\006\105\006\063}{chapter.5}% \pLRE {٣٣}
\BOOKMARK [1][-]{section.5.2}{\376\377\006\052\006\055\006\104\006\112\006\104\000\040\006\047\006\104\006\063\006\110\006\102}{chapter.5}% \pLRE {٣٤}
\BOOKMARK [1][-]{section.5.3}{\376\377\006\052\006\055\006\104\006\112\006\104\000\040\006\063\006\104\006\110\006\103\000\040\006\047\006\104\006\071\006\105\006\112\006\104}{chapter.5}% \pLRE {٣٥}
\BOOKMARK [1][-]{section.5.4}{\376\377\006\106\006\105\006\110\006\060\006\054\000\040\006\050\006\110\006\061\006\052\006\061\000\040\006\104\006\104\006\052\006\055\006\104\006\112\006\104\000\040\006\047\006\104\006\047\006\063\006\052\006\061\006\047\006\052\006\112\006\054\006\112}{chapter.5}% \pLRE {٣٦}
\BOOKMARK [1][-]{section.5.5}{\376\377\006\052\006\055\006\104\006\112\006\104\000\040\000S\000W\000O\000T}{chapter.5}% \pLRE {٣٧}
\BOOKMARK [1][-]{section.5.6}{\376\377\006\052\006\055\006\104\006\112\006\104\000\040\000P\000E\000S\000T\000E\000L}{chapter.5}% \pLRE {٣٨}
\BOOKMARK [1][-]{section.5.7}{\376\377\006\055\006\054\006\105\000\040\006\047\006\104\006\063\006\110\006\102\000\040\006\047\006\104\006\105\006\063\006\052\006\107\006\057\006\101}{chapter.5}% \pLRE {٣٩}
\BOOKMARK [1][-]{section.5.8}{\376\377\006\056\006\104\006\047\006\065\006\051\000\040\006\047\006\104\006\105\006\055\006\110\006\061\000\040\006\047\006\104\006\056\006\047\006\105\006\063}{chapter.5}% \pLRE {٤٠}
\BOOKMARK [0][-]{chapter.6}{\376\377\006\071\006\061\006\066\000\040\006\110\006\052\006\055\006\104\006\112\006\104\000\040\006\047\006\104\006\106\006\105\006\110\006\060\006\054\000\040\006\047\006\104\006\043\006\110\006\104\006\112}{}% \pLRE {٤١}
\BOOKMARK [1][-]{section.6.1}{\376\377\006\105\006\102\006\057\006\105\006\051\000\040\006\047\006\104\006\105\006\055\006\110\006\061\000\040\006\047\006\104\006\063\006\047\006\057\006\063}{chapter.6}% \pLRE {٤٢}
\BOOKMARK [1][-]{section.6.2}{\376\377\006\047\006\104\006\065\006\101\006\055\006\051\000\040\006\047\006\104\006\061\006\046\006\112\006\063\006\112\006\051}{chapter.6}% \pLRE {٤٣}
\BOOKMARK [1][-]{section.6.3}{\376\377\006\104\006\110\006\055\006\051\000\040\006\047\006\104\006\052\006\055\006\103\006\105}{chapter.6}% \pLRE {٤٤}
\BOOKMARK [1][-]{section.6.4}{\376\377\006\047\006\056\006\052\006\112\006\047\006\061\000\040\006\047\006\104\006\106\006\070\006\047\006\105\000\040\006\047\006\104\006\066\006\061\006\112\006\050\006\112}{chapter.6}% \pLRE {٤٥}
\BOOKMARK [1][-]{section.6.5}{\376\377\006\106\006\105\006\110\006\060\006\054\000\040\000G\0005\0000\000\040\006\104\006\066\006\061\006\112\006\050\006\051\000\040\006\047\006\104\006\102\006\112\006\105\006\051\000\040\006\047\006\104\006\105\006\066\006\047\006\101\006\051}{chapter.6}% \pLRE {٤٦}
\BOOKMARK [1][-]{section.6.6}{\376\377\006\047\006\104\006\105\006\063\006\047\006\071\006\057\000\040\006\047\006\104\006\060\006\103\006\112}{chapter.6}% \pLRE {٤٧}
\BOOKMARK [1][-]{section.6.7}{\376\377\006\104\006\110\006\055\006\051\000\040\006\052\006\055\006\103\006\105\000\040\006\047\006\104\006\056\006\050\006\112\006\061}{chapter.6}% \pLRE {٤٨}
\BOOKMARK [1][-]{section.6.8}{\376\377\006\106\006\070\006\047\006\105\000\040\006\047\006\104\006\047\006\064\006\052\006\061\006\047\006\103\006\047\006\052\000\040\006\110\006\047\006\104\006\050\006\047\006\102\006\047\006\052}{chapter.6}% \pLRE {٤٩}
\BOOKMARK [1][-]{section.6.9}{\376\377\006\047\006\104\006\045\006\071\006\057\006\047\006\057\006\047\006\052\000\040\006\110\000p\000r\000o\000f\000i\000l\000\040\006\047\006\104\006\105\006\063\006\052\006\056\006\057\006\105}{chapter.6}% \pLRE {٥٠}
\BOOKMARK [1][-]{section.6.10}{\376\377\006\056\006\104\006\047\006\065\006\051\000\040\006\047\006\104\006\105\006\055\006\110\006\061\000\040\006\047\006\104\006\063\006\047\006\057\006\063}{chapter.6}% \pLRE {٥١}
\BOOKMARK [0][-]{chapter.7}{\376\377\006\047\006\104\006\056\006\047\006\052\006\105\006\051\000\040\006\047\006\104\006\071\006\047\006\105\006\051}{}% \pLRE {٥٢}
\BOOKMARK [1][-]{section.7.1}{\376\377\006\105\006\104\006\056\006\065\000\040\006\047\006\104\006\106\006\052\006\047\006\046\006\054}{chapter.7}% \pLRE {٥٣}
\BOOKMARK [1][-]{section.7.2}{\376\377\006\047\006\104\006\052\006\055\006\057\006\112\006\047\006\052\000\040\006\047\006\104\006\105\006\063\006\052\006\102\006\050\006\104\006\112\006\051}{chapter.7}% \pLRE {٥٤}
\BOOKMARK [1][-]{section.7.3}{\376\377\006\047\006\104\006\052\006\110\006\065\006\112\006\047\006\052}{chapter.7}% \pLRE {٥٥}
\BOOKMARK [1][-]{section.7.4}{\376\377\006\056\006\104\006\047\006\065\006\051\000\040\006\047\006\104\006\102\006\110\006\104}{chapter.7}% \pLRE {٥٦}
\BOOKMARK [0][-]{chapter*.5}{\376\377\006\102\006\047\006\046\006\105\006\051\000\040\006\047\006\104\006\105\006\061\006\047\006\054\006\071}{}% \pLRE {٥٧}
\BOOKMARK [0][-]{chapter*.6}{\376\377\006\047\006\104\006\105\006\104\006\047\006\055\006\102}{}% \pLRE {٥٨}
